2026-05-26 09:45:44 [ERROR]: Invalid or expired OTP
Error: Invalid or expired OTP
    at Object.verifyRegistrationPhone (D:\Projects\tvk-application\MLA-Backend\src\modules\auth\auth.service.ts:128:11)
    at processTicksAndRejections (node:internal/process/task_queues:105:5)
    at D:\Projects\tvk-application\MLA-Backend\src\modules\auth\auth.controller.ts:53:18 {"url":"/api/v1/auth/register/verify-phone","method":"POST","ip":"::1"}
2026-05-26 11:15:26 [ERROR]: Redis error: {"error":"read ECONNRESET"}
2026-05-26 11:15:26 [ERROR]: Redis error: {"error":"getaddrinfo ENOTFOUND relative-dove-70302.upstash.io"}
2026-05-26 11:15:26 [ERROR]: Redis error: {"error":"getaddrinfo ENOTFOUND relative-dove-70302.upstash.io"}
2026-05-26 11:15:26 [ERROR]: Redis error: {"error":"getaddrinfo ENOTFOUND relative-dove-70302.upstash.io"}
2026-05-26 11:15:26 [ERROR]: Redis error: {"error":"getaddrinfo ENOTFOUND relative-dove-70302.upstash.io"}
2026-05-26 11:15:27 [ERROR]: Redis error: {"error":"getaddrinfo ENOTFOUND relative-dove-70302.upstash.io"}
2026-05-26 11:15:27 [ERROR]: Redis error: {"error":"getaddrinfo ENOTFOUND relative-dove-70302.upstash.io"}
2026-05-26 11:15:27 [ERROR]: Redis error: {"error":"getaddrinfo ENOTFOUND relative-dove-70302.upstash.io"}
2026-05-26 11:15:28 [ERROR]: Redis error: {"error":"getaddrinfo ENOTFOUND relative-dove-70302.upstash.io"}
2026-05-26 11:15:28 [ERROR]: Redis error: {"error":"getaddrinfo ENOTFOUND relative-dove-70302.upstash.io"}
2026-05-26 11:15:29 [ERROR]: Redis error: {"error":"getaddrinfo ENOTFOUND relative-dove-70302.upstash.io"}
2026-05-26 11:15:29 [ERROR]: ✗ Redis max reconnection attempts exceeded
2026-05-26 14:14:57 [ERROR]: MongoDB connection failed:
2026-05-27 16:25:26 [ERROR]: Uncaught Exception: listen EADDRINUSE: address already in use :::5000
Error: listen EADDRINUSE: address already in use :::5000
    at Server.setupListenHandle [as _listen2] (node:net:1940:16)
    at listenInCluster (node:net:1997:12)
    at Server.listen (node:net:2102:7)
    at startServer (D:\Projects\tvk-application\MLA-Backend\src\app.ts:273:12)
    at processTicksAndRejections (node:internal/process/task_queues:105:5) {"code":"EADDRINUSE","errno":-4091,"syscall":"listen","address":"::","port":5000}
2026-05-27 16:28:33 [ERROR]: Uncaught Exception: listen EADDRINUSE: address already in use :::5000
Error: listen EADDRINUSE: address already in use :::5000
    at Server.setupListenHandle [as _listen2] (node:net:1940:16)
    at listenInCluster (node:net:1997:12)
    at Server.listen (node:net:2102:7)
    at startServer (D:\Projects\tvk-application\MLA-Backend\src\app.ts:273:12)
    at processTicksAndRejections (node:internal/process/task_queues:105:5) {"code":"EADDRINUSE","errno":-4091,"syscall":"listen","address":"::","port":5000}
